[INFO] Scanning for projects...
[INFO] 
[INFO] -----------------< com.meli:meli-ecommerce-orders-api >-----------------
[INFO] Building meli-ecommerce-orders-api 0.0.1-SNAPSHOT
[INFO]   from pom.xml
[INFO] --------------------------------[ jar ]---------------------------------
[INFO] 
[INFO] --- clean:3.4.1:clean (default-clean) @ meli-ecommerce-orders-api ---
[INFO] Deleting C:\Users\DELL\Documents\meli-ecommerce-orders-api\target
[INFO] 
[INFO] --- jacoco:0.8.12:prepare-agent (prepare-agent) @ meli-ecommerce-orders-api ---
[INFO] argLine set to -javaagent:C:\\Users\\DELL\\.m2\\repository\\org\\jacoco\\org.jacoco.agent\\0.8.12\\org.jacoco.agent-0.8.12-runtime.jar=destfile=C:\\Users\\DELL\\Documents\\meli-ecommerce-orders-api\\target\\jacoco.exec
[INFO] 
[INFO] --- resources:3.3.1:resources (default-resources) @ meli-ecommerce-orders-api ---
[INFO] Copying 4 resources from src\main\resources to target\classes
[INFO] Copying 0 resource from src\main\resources to target\classes
[INFO] 
[INFO] --- compiler:3.14.0:compile (default-compile) @ meli-ecommerce-orders-api ---
[INFO] Recompiling the module because of changed source code.
[INFO] Compiling 32 source files with javac [debug parameters release 17] to target\classes
[INFO] 
[INFO] --- resources:3.3.1:testResources (default-testResources) @ meli-ecommerce-orders-api ---
[INFO] skip non existing resourceDirectory C:\Users\DELL\Documents\meli-ecommerce-orders-api\src\test\resources
[INFO] 
[INFO] --- compiler:3.14.0:testCompile (default-testCompile) @ meli-ecommerce-orders-api ---
[INFO] Recompiling the module because of changed dependency.
[INFO] Compiling 5 source files with javac [debug parameters release 17] to target\test-classes
[INFO] 
[INFO] --- surefire:3.5.4:test (default-test) @ meli-ecommerce-orders-api ---
[INFO] Using auto detected provider org.apache.maven.surefire.junitplatform.JUnitPlatformProvider
[INFO] 
[INFO] -------------------------------------------------------
[INFO]  T E S T S
[INFO] -------------------------------------------------------
[INFO] Running com.meli.meli_ecommerce_orders_api.controller.OrderControllerTest
11:34:10.312 [main] INFO org.springframework.boot.test.context.SpringBootTestContextBootstrapper -- Found @SpringBootConfiguration com.meli.meli_ecommerce_orders_api.MeliEcommerceOrdersApiApplication for test class com.meli.meli_ecommerce_orders_api.controller.OrderControllerTest
11:34:10.660 [main] INFO org.springframework.boot.devtools.restart.RestartApplicationListener -- Restart disabled due to context in which it is running

  .   ____          _            __ _ _
 /\\ / ___'_ __ _ _(_)_ __  __ _ \ \ \ \
( ( )\___ | '_ | '_| | '_ \/ _` | \ \ \ \
 \\/  ___)| |_)| | | | | || (_| |  ) ) ) )
  '  |____| .__|_| |_|_| |_\__, | / / / /
 =========|_|==============|___/=/_/_/_/

 :: Spring Boot ::                (v3.5.6)

2025-11-22T11:34:12.265-06:00  INFO 22928 --- [           main] c.m.m.controller.OrderControllerTest     : Starting OrderControllerTest using Java 17.0.12 with PID 22928 (started by DELL in C:\Users\DELL\Documents\meli-ecommerce-orders-api)
2025-11-22T11:34:12.268-06:00  INFO 22928 --- [           main] c.m.m.controller.OrderControllerTest     : The following 1 profile is active: "dev"
.\mvnw.cmd : Java HotSpot(TM) 64-Bit Server VM warning: Sharing is only supported for boot loader classes because bootstrap classpath has been appended
En línea: 1 Carácter: 1
+ .\mvnw.cmd clean test 2>&1 | tee test_output.log
+ ~~~~~~~~~~~~~~~~~~~~~~~~~~
    + CategoryInfo          : NotSpecified: (Java HotSpot(TM...s been appended:String) [], RemoteException
    + FullyQualifiedErrorId : NativeCommandError
 
2025-11-22T11:34:20.199-06:00  INFO 22928 --- [           main] o.s.b.t.m.w.SpringBootMockServletContext : Initializing Spring TestDispatcherServlet ''
2025-11-22T11:34:20.200-06:00  INFO 22928 --- [           main] o.s.t.web.servlet.TestDispatcherServlet  : Initializing Servlet ''
2025-11-22T11:34:20.207-06:00  INFO 22928 --- [           main] o.s.t.web.servlet.TestDispatcherServlet  : Completed initialization in 3 ms
2025-11-22T11:34:20.316-06:00  INFO 22928 --- [           main] c.m.m.controller.OrderControllerTest     : Started OrderControllerTest in 9.705 seconds (process running for 13.883)

MockHttpServletRequest:
      HTTP Method = DELETE
      Request URI = /api/v1/orders/0c625d78-ef2b-4c60-8cbf-c0110198c049
       Parameters = {}
          Headers = []
             Body = null
    Session Attrs = {}

Handler:
             Type = com.meli.meli_ecommerce_orders_api.controller.OrderController
           Method = com.meli.meli_ecommerce_orders_api.controller.OrderController#deleteOrder(UUID)

Async:
    Async started = false
     Async result = null

Resolved Exception:
             Type = com.meli.meli_ecommerce_orders_api.exceptions.OrderNotFoundException

ModelAndView:
        View name = null
             View = null
            Model = null

FlashMap:
       Attributes = null

MockHttpServletResponse:
           Status = 500
    Error message = null
          Headers = [Content-Type:"application/json"]
     Content type = application/json
             Body = {"success":false,"message":"An unexpected error occurred: Not found"}
    Forwarded URL = null
   Redirected URL = null
          Cookies = []

MockHttpServletRequest:
      HTTP Method = GET
      Request URI = /api/v1/orders/79ac4b81-4578-4d67-95da-9d1dadc7444e
       Parameters = {}
          Headers = []
             Body = null
    Session Attrs = {}

Handler:
             Type = com.meli.meli_ecommerce_orders_api.controller.OrderController
           Method = com.meli.meli_ecommerce_orders_api.controller.OrderController#getOrderById(UUID)

Async:
    Async started = false
     Async result = null

Resolved Exception:
             Type = com.meli.meli_ecommerce_orders_api.exceptions.OrderNotFoundException

ModelAndView:
        View name = null
             View = null
            Model = null

FlashMap:
       Attributes = null

MockHttpServletResponse:
           Status = 500
    Error message = null
          Headers = [Content-Type:"application/json"]
     Content type = application/json
             Body = {"success":false,"message":"An unexpected error occurred: Not found"}
    Forwarded URL = null
   Redirected URL = null
          Cookies = []

MockHttpServletRequest:
      HTTP Method = POST
      Request URI = /api/v1/orders
       Parameters = {}
          Headers = [Content-Type:"application/json;charset=UTF-8", Content-Length:"177"]
             Body = {"createdBy":"4f64d4db-1f57-499e-937e-2e0b0d3cbf1b","items":[{"productId":"21ac0461-7215-402e-aaa1-fc025f4c3ae0","productName":"Test Product","quantity":2,"pricePerUnit":10.0}]}
    Session Attrs = {}

Handler:
             Type = com.meli.meli_ecommerce_orders_api.controller.OrderController
           Method = com.meli.meli_ecommerce_orders_api.controller.OrderController#createOrder(CreateOrderRequest)

Async:
    Async started = false
     Async result = null

Resolved Exception:
             Type = null

ModelAndView:
        View name = null
             View = null
            Model = null

FlashMap:
       Attributes = null

MockHttpServletResponse:
           Status = 201
    Error message = null
          Headers = [Content-Type:"application/json"]
     Content type = application/json
             Body = {"success":true,"message":"Order created successfully","data":{"id":"4a47583c-aaf8-4bf9-9173-5d7bbb5e23a1","createdBy":null,"orderItems":[],"totalPrice":null,"status":null,"deletedAt":null,"orderDate":null,"lastUpdatedDate":null}}
    Forwarded URL = null
   Redirected URL = null
          Cookies = []

MockHttpServletRequest:
      HTTP Method = GET
      Request URI = /api/v1/orders
       Parameters = {}
          Headers = []
             Body = null
    Session Attrs = {}

Handler:
             Type = com.meli.meli_ecommerce_orders_api.controller.OrderController
           Method = com.meli.meli_ecommerce_orders_api.controller.OrderController#getAllOrders()

Async:
    Async started = false
     Async result = null

Resolved Exception:
             Type = null

ModelAndView:
        View name = null
             View = null
            Model = null

FlashMap:
       Attributes = null

MockHttpServletResponse:
           Status = 200
    Error message = null
          Headers = [Content-Type:"application/json"]
     Content type = application/json
             Body = {"success":true,"message":"Orders fetched successfully","data":[{"id":"e297efdf-5932-4246-bd34-44c2c3d1e25d","createdBy":null,"orderItems":[],"totalPrice":null,"status":null,"deletedAt":null,"orderDate":null,"lastUpdatedDate":null}]}
    Forwarded URL = null
   Redirected URL = null
          Cookies = []

MockHttpServletRequest:
      HTTP Method = GET
      Request URI = /api/v1/orders/73bf498d-b587-4a6d-8332-89a9ef5dd54b
       Parameters = {}
          Headers = []
             Body = null
    Session Attrs = {}

Handler:
             Type = com.meli.meli_ecommerce_orders_api.controller.OrderController
           Method = com.meli.meli_ecommerce_orders_api.controller.OrderController#getOrderById(UUID)

Async:
    Async started = false
     Async result = null

Resolved Exception:
             Type = null

ModelAndView:
        View name = null
             View = null
            Model = null

FlashMap:
       Attributes = null

MockHttpServletResponse:
           Status = 200
    Error message = null
          Headers = [Content-Type:"application/json"]
     Content type = application/json
             Body = {"success":true,"message":"Order found","data":{"id":"73bf498d-b587-4a6d-8332-89a9ef5dd54b","createdBy":null,"orderItems":[],"totalPrice":null,"status":null,"deletedAt":null,"orderDate":null,"lastUpdatedDate":null}}
    Forwarded URL = null
   Redirected URL = null
          Cookies = []

MockHttpServletRequest:
      HTTP Method = GET
      Request URI = /api/v1/orders
       Parameters = {}
          Headers = []
             Body = null
    Session Attrs = {}

Handler:
             Type = com.meli.meli_ecommerce_orders_api.controller.OrderController
           Method = com.meli.meli_ecommerce_orders_api.controller.OrderController#getAllOrders()

Async:
    Async started = false
     Async result = null

Resolved Exception:
             Type = null

ModelAndView:
        View name = null
             View = null
            Model = null

FlashMap:
       Attributes = null

MockHttpServletResponse:
           Status = 200
    Error message = null
          Headers = [Content-Type:"application/json"]
     Content type = application/json
             Body = {"success":true,"message":"Orders fetched successfully","data":[]}
    Forwarded URL = null
   Redirected URL = null
          Cookies = []

MockHttpServletRequest:
      HTTP Method = DELETE
      Request URI = /api/v1/orders/11ffd5ab-50b6-4df1-9f11-71db34745b88
       Parameters = {}
          Headers = []
             Body = null
    Session Attrs = {}

Handler:
             Type = com.meli.meli_ecommerce_orders_api.controller.OrderController
           Method = com.meli.meli_ecommerce_orders_api.controller.OrderController#deleteOrder(UUID)

Async:
    Async started = false
     Async result = null

Resolved Exception:
             Type = null

ModelAndView:
        View name = null
             View = null
            Model = null

FlashMap:
       Attributes = null

MockHttpServletResponse:
           Status = 200
    Error message = null
          Headers = [Content-Type:"application/json"]
     Content type = application/json
             Body = {"success":true,"message":"Order deleted successfully"}
    Forwarded URL = null
   Redirected URL = null
          Cookies = []
[ERROR] Tests run: 8, Failures: 7, Errors: 0, Skipped: 0, Time elapsed: 13.54 s <<< FAILURE! -- in com.meli.meli_ecommerce_orders_api.controller.OrderControllerTest
[ERROR] com.meli.meli_ecommerce_orders_api.controller.OrderControllerTest.testDeleteOrder_NotFound -- Time elapsed: 0.950 s <<< FAILURE!
java.lang.AssertionError: Status expected:<404> but was:<500>
	at org.springframework.test.util.AssertionErrors.fail(AssertionErrors.java:61)
	at org.springframework.test.util.AssertionErrors.assertEquals(AssertionErrors.java:128)
	at org.springframework.test.web.servlet.result.StatusResultMatchers.lambda$matcher$9(StatusResultMatchers.java:640)
	at org.springframework.test.web.servlet.MockMvc$1.andExpect(MockMvc.java:214)
	at com.meli.meli_ecommerce_orders_api.controller.OrderControllerTest.testDeleteOrder_NotFound(OrderControllerTest.java:160)
	at java.base/java.lang.reflect.Method.invoke(Method.java:568)
	at java.base/java.util.ArrayList.forEach(ArrayList.java:1511)
	at java.base/java.util.ArrayList.forEach(ArrayList.java:1511)

[ERROR] com.meli.meli_ecommerce_orders_api.controller.OrderControllerTest.testGetOrderById_NotFound -- Time elapsed: 0.066 s <<< FAILURE!
java.lang.AssertionError: Status expected:<404> but was:<500>
	at org.springframework.test.util.AssertionErrors.fail(AssertionErrors.java:61)
	at org.springframework.test.util.AssertionErrors.assertEquals(AssertionErrors.java:128)
	at org.springframework.test.web.servlet.result.StatusResultMatchers.lambda$matcher$9(StatusResultMatchers.java:640)
	at org.springframework.test.web.servlet.MockMvc$1.andExpect(MockMvc.java:214)
	at com.meli.meli_ecommerce_orders_api.controller.OrderControllerTest.testGetOrderById_NotFound(OrderControllerTest.java:135)
	at java.base/java.lang.reflect.Method.invoke(Method.java:568)
	at java.base/java.util.ArrayList.forEach(ArrayList.java:1511)
	at java.base/java.util.ArrayList.forEach(ArrayList.java:1511)

[ERROR] com.meli.meli_ecommerce_orders_api.controller.OrderControllerTest.testCreateOrder_Success -- Time elapsed: 0.315 s <<< FAILURE!
java.lang.AssertionError: No value at JSON path "$.id"
	at org.springframework.test.util.JsonPathExpectationsHelper.evaluateJsonPath(JsonPathExpectationsHelper.java:351)
	at org.springframework.test.util.JsonPathExpectationsHelper.assertExistsAndReturn(JsonPathExpectationsHelper.java:388)
	at org.springframework.test.util.JsonPathExpectationsHelper.exists(JsonPathExpectationsHelper.java:239)
	at org.springframework.test.web.servlet.result.JsonPathResultMatchers.lambda$exists$3(JsonPathResultMatchers.java:124)
	at org.springframework.test.web.servlet.MockMvc$1.andExpect(MockMvc.java:214)
	at com.meli.meli_ecommerce_orders_api.controller.OrderControllerTest.testCreateOrder_Success(OrderControllerTest.java:82)
	at java.base/java.lang.reflect.Method.invoke(Method.java:568)
	at java.base/java.util.ArrayList.forEach(ArrayList.java:1511)
	at java.base/java.util.ArrayList.forEach(ArrayList.java:1511)
Caused by: com.jayway.jsonpath.PathNotFoundException: No results for path: $['id']

[ERROR] com.meli.meli_ecommerce_orders_api.controller.OrderControllerTest.testGetAllOrders_Success -- Time elapsed: 0.058 s <<< FAILURE!
java.lang.AssertionError: 
JSON path "$"
Expected: a collection with size <1>
     but: was LinkedHashMap <{success=true, message=Orders fetched successfully, data=[{"id":"e297efdf-5932-4246-bd34-44c2c3d1e25d","createdBy":null,"orderItems":[],"totalPrice":null,"status":null,"deletedAt":null,"orderDate":null,"lastUpdatedDate":null}]}>
	at org.hamcrest.MatcherAssert.assertThat(MatcherAssert.java:20)
	at org.springframework.test.util.JsonPathExpectationsHelper.assertValue(JsonPathExpectationsHelper.java:107)
	at org.springframework.test.web.servlet.result.JsonPathResultMatchers.lambda$value$0(JsonPathResultMatchers.java:88)
	at org.springframework.test.web.servlet.MockMvc$1.andExpect(MockMvc.java:214)
	at com.meli.meli_ecommerce_orders_api.controller.OrderControllerTest.testGetAllOrders_Success(OrderControllerTest.java:104)
	at java.base/java.lang.reflect.Method.invoke(Method.java:568)
	at java.base/java.util.ArrayList.forEach(ArrayList.java:1511)
	at java.base/java.util.ArrayList.forEach(ArrayList.java:1511)

[ERROR] com.meli.meli_ecommerce_orders_api.controller.OrderControllerTest.testGetOrderById_Success -- Time elapsed: 0.025 s <<< FAILURE!
java.lang.AssertionError: No value at JSON path "$.id"
	at org.springframework.test.util.JsonPathExpectationsHelper.evaluateJsonPath(JsonPathExpectationsHelper.java:351)
	at org.springframework.test.util.JsonPathExpectationsHelper.assertValue(JsonPathExpectationsHelper.java:106)
	at org.springframework.test.web.servlet.result.JsonPathResultMatchers.lambda$value$0(JsonPathResultMatchers.java:88)
	at org.springframework.test.web.servlet.MockMvc$1.andExpect(MockMvc.java:214)
	at com.meli.meli_ecommerce_orders_api.controller.OrderControllerTest.testGetOrderById_Success(OrderControllerTest.java:126)
	at java.base/java.lang.reflect.Method.invoke(Method.java:568)
	at java.base/java.util.ArrayList.forEach(ArrayList.java:1511)
	at java.base/java.util.ArrayList.forEach(ArrayList.java:1511)
Caused by: com.jayway.jsonpath.PathNotFoundException: No results for path: $['id']

[ERROR] com.meli.meli_ecommerce_orders_api.controller.OrderControllerTest.testGetAllOrders_EmptyList -- Time elapsed: 0.041 s <<< FAILURE!
java.lang.AssertionError: 
JSON path "$"
Expected: a collection with size <0>
     but: was LinkedHashMap <{success=true, message=Orders fetched successfully, data=[]}>
	at org.hamcrest.MatcherAssert.assertThat(MatcherAssert.java:20)
	at org.springframework.test.util.JsonPathExpectationsHelper.assertValue(JsonPathExpectationsHelper.java:107)
	at org.springframework.test.web.servlet.result.JsonPathResultMatchers.lambda$value$0(JsonPathResultMatchers.java:88)
	at org.springframework.test.web.servlet.MockMvc$1.andExpect(MockMvc.java:214)
	at com.meli.meli_ecommerce_orders_api.controller.OrderControllerTest.testGetAllOrders_EmptyList(OrderControllerTest.java:114)
	at java.base/java.lang.reflect.Method.invoke(Method.java:568)
	at java.base/java.util.ArrayList.forEach(ArrayList.java:1511)
	at java.base/java.util.ArrayList.forEach(ArrayList.java:1511)

[ERROR] com.meli.meli_ecommerce_orders_api.controller.OrderControllerTest.testDeleteOrder_Success -- Time elapsed: 0.024 s <<< FAILURE!
java.lang.AssertionError: Status expected:<204> but was:<200>
	at org.springframework.test.util.AssertionErrors.fail(AssertionErrors.java:61)
	at org.springframework.test.util.AssertionErrors.assertEquals(AssertionErrors.java:128)
	at org.springframework.test.web.servlet.result.StatusResultMatchers.lambda$matcher$9(StatusResultMatchers.java:640)
	at org.springframework.test.web.servlet.MockMvc$1.andExpect(MockMvc.java:214)
	at com.meli.meli_ecommerce_orders_api.controller.OrderControllerTest.testDeleteOrder_Success(OrderControllerTest.java:147)
	at java.base/java.lang.reflect.Method.invoke(Method.java:568)
	at java.base/java.util.ArrayList.forEach(ArrayList.java:1511)
	at java.base/java.util.ArrayList.forEach(ArrayList.java:1511)

[INFO] Running com.meli.meli_ecommerce_orders_api.MeliEcommerceOrdersApiApplicationTests
2025-11-22T11:34:22.522-06:00  INFO 22928 --- [           main] t.c.s.AnnotationConfigContextLoaderUtils : Could not detect default configuration classes for test class [com.meli.meli_ecommerce_orders_api.MeliEcommerceOrdersApiApplicationTests]: MeliEcommerceOrdersApiApplicationTests does not declare any static, non-private, non-final, nested classes annotated with @Configuration.
2025-11-22T11:34:22.713-06:00  INFO 22928 --- [           main] .b.t.c.SpringBootTestContextBootstrapper : Found @SpringBootConfiguration com.meli.meli_ecommerce_orders_api.MeliEcommerceOrdersApiApplication for test class com.meli.meli_ecommerce_orders_api.MeliEcommerceOrdersApiApplicationTests
2025-11-22T11:34:22.733-06:00  INFO 22928 --- [           main] o.s.b.d.r.RestartApplicationListener     : Restart disabled due to context in which it is running

  .   ____          _            __ _ _
 /\\ / ___'_ __ _ _(_)_ __  __ _ \ \ \ \
( ( )\___ | '_ | '_| | '_ \/ _` | \ \ \ \
 \\/  ___)| |_)| | | | | || (_| |  ) ) ) )
  '  |____| .__|_| |_|_| |_\__, | / / / /
 =========|_|==============|___/=/_/_/_/

 :: Spring Boot ::                (v3.5.6)

2025-11-22T11:34:22.975-06:00  INFO 22928 --- [           main] m.MeliEcommerceOrdersApiApplicationTests : Starting MeliEcommerceOrdersApiApplicationTests using Java 17.0.12 with PID 22928 (started by DELL in C:\Users\DELL\Documents\meli-ecommerce-orders-api)
2025-11-22T11:34:22.975-06:00  INFO 22928 --- [           main] m.MeliEcommerceOrdersApiApplicationTests : The following 1 profile is active: "dev"
2025-11-22T11:34:24.804-06:00  INFO 22928 --- [           main] .s.d.r.c.RepositoryConfigurationDelegate : Bootstrapping Spring Data JPA repositories in DEFAULT mode.
2025-11-22T11:34:24.998-06:00  INFO 22928 --- [           main] .s.d.r.c.RepositoryConfigurationDelegate : Finished Spring Data repository scanning in 158 ms. Found 3 JPA repository interfaces.
2025-11-22T11:34:25.964-06:00  INFO 22928 --- [           main] o.hibernate.jpa.internal.util.LogHelper  : HHH000204: Processing PersistenceUnitInfo [name: default]
2025-11-22T11:34:26.382-06:00  INFO 22928 --- [           main] org.hibernate.Version                    : HHH000412: Hibernate ORM core version 6.6.29.Final
2025-11-22T11:34:26.541-06:00  INFO 22928 --- [           main] o.h.c.internal.RegionFactoryInitiator    : HHH000026: Second-level cache disabled
2025-11-22T11:34:27.115-06:00  INFO 22928 --- [           main] o.s.o.j.p.SpringPersistenceUnitInfo      : No LoadTimeWeaver setup: ignoring JPA class transformer
2025-11-22T11:34:27.328-06:00  INFO 22928 --- [           main] com.zaxxer.hikari.HikariDataSource       : HikariPool-1 - Starting...
2025-11-22T11:34:28.421-06:00  INFO 22928 --- [           main] com.zaxxer.hikari.pool.HikariPool        : HikariPool-1 - Added connection conn0: url=jdbc:h2:mem:melidb user=SA
2025-11-22T11:34:28.434-06:00  INFO 22928 --- [           main] com.zaxxer.hikari.HikariDataSource       : HikariPool-1 - Start completed.
2025-11-22T11:34:28.753-06:00  INFO 22928 --- [           main] org.hibernate.orm.connections.pooling    : HHH10001005: Database info:
	Database JDBC URL [Connecting through datasource 'HikariDataSource (HikariPool-1)']
	Database driver: undefined/unknown
	Database version: 2.3.232
	Autocommit mode: undefined/unknown
	Isolation level: undefined/unknown
	Minimum pool size: undefined/unknown
	Maximum pool size: undefined/unknown
2025-11-22T11:34:32.292-06:00  INFO 22928 --- [           main] o.h.e.t.j.p.i.JtaPlatformInitiator       : HHH000489: No JTA platform available (set 'hibernate.transaction.jta.platform' to enable JTA platform integration)
2025-11-22T11:34:32.673-06:00  INFO 22928 --- [           main] j.LocalContainerEntityManagerFactoryBean : Initialized JPA EntityManagerFactory for persistence unit 'default'
2025-11-22T11:34:34.617-06:00  WARN 22928 --- [           main] JpaBaseConfiguration$JpaWebConfiguration : spring.jpa.open-in-view is enabled by default. Therefore, database queries may be performed during view rendering. Explicitly configure spring.jpa.open-in-view to disable this warning
2025-11-22T11:34:35.168-06:00  INFO 22928 --- [           main] o.s.b.a.h2.H2ConsoleAutoConfiguration    : H2 console available at '/h2-console'. Database available at 'jdbc:h2:mem:melidb'
2025-11-22T11:34:35.392-06:00  INFO 22928 --- [           main] m.MeliEcommerceOrdersApiApplicationTests : Started MeliEcommerceOrdersApiApplicationTests in 12.66 seconds (process running for 28.959)
[INFO] Tests run: 1, Failures: 0, Errors: 0, Skipped: 0, Time elapsed: 12.89 s -- in com.meli.meli_ecommerce_orders_api.MeliEcommerceOrdersApiApplicationTests
[INFO] Running com.meli.meli_ecommerce_orders_api.profile.service.CardServiceTest
[INFO] Tests run: 2, Failures: 0, Errors: 0, Skipped: 0, Time elapsed: 0.578 s -- in com.meli.meli_ecommerce_orders_api.profile.service.CardServiceTest
[INFO] Running com.meli.meli_ecommerce_orders_api.profile.validation.CardValidationUtilTest
[INFO] Tests run: 4, Failures: 0, Errors: 0, Skipped: 0, Time elapsed: 0.040 s -- in com.meli.meli_ecommerce_orders_api.profile.validation.CardValidationUtilTest
[INFO] Running com.meli.meli_ecommerce_orders_api.service.OrderServiceTest
[INFO] Tests run: 7, Failures: 0, Errors: 0, Skipped: 0, Time elapsed: 0.280 s -- in com.meli.meli_ecommerce_orders_api.service.OrderServiceTest
[INFO] 
[INFO] Results:
[INFO] 
[ERROR] Failures: 
[ERROR]   OrderControllerTest.testCreateOrder_Success:82 No value at JSON path "$.id"
[ERROR]   OrderControllerTest.testDeleteOrder_NotFound:160 Status expected:<404> but was:<500>
[ERROR]   OrderControllerTest.testDeleteOrder_Success:147 Status expected:<204> but was:<200>
[ERROR]   OrderControllerTest.testGetAllOrders_EmptyList:114 JSON path "$"
Expected: a collection with size <0>
     but: was LinkedHashMap <{success=true, message=Orders fetched successfully, data=[]}>
[ERROR]   OrderControllerTest.testGetAllOrders_Success:104 JSON path "$"
Expected: a collection with size <1>
     but: was LinkedHashMap <{success=true, message=Orders fetched successfully, data=[{"id":"e297efdf-5932-4246-bd34-44c2c3d1e25d","createdBy":null,"orderItems":[],"totalPrice":null,"status":null,"deletedAt":null,"orderDate":null,"lastUpdatedDate":null}]}>
[ERROR]   OrderControllerTest.testGetOrderById_NotFound:135 Status expected:<404> but was:<500>
[ERROR]   OrderControllerTest.testGetOrderById_Success:126 No value at JSON path "$.id"
[INFO] 
[ERROR] Tests run: 22, Failures: 7, Errors: 0, Skipped: 0
[INFO] 
[INFO] ------------------------------------------------------------------------
[INFO] BUILD FAILURE
[INFO] ------------------------------------------------------------------------
[INFO] Total time:  40.389 s
[INFO] Finished at: 2025-11-22T11:34:36-06:00
[INFO] ------------------------------------------------------------------------
[ERROR] Failed to execute goal org.apache.maven.plugins:maven-surefire-plugin:3.5.4:test (default-test) on project meli-ecommerce-orders-api: There are test failures.
[ERROR] 
[ERROR] See C:\Users\DELL\Documents\meli-ecommerce-orders-api\target\surefire-reports for the individual test results.
[ERROR] See dump files (if any exist) [date].dump, [date]-jvmRun[N].dump and [date].dumpstream.
[ERROR] -> [Help 1]
[ERROR] 
[ERROR] To see the full stack trace of the errors, re-run Maven with the -e switch.
[ERROR] Re-run Maven using the -X switch to enable full debug logging.
[ERROR] 
[ERROR] For more information about the errors and possible solutions, please read the following articles:
[ERROR] [Help 1] http://cwiki.apache.org/confluence/display/MAVEN/MojoFailureException
